---
source: src/tui.rs
expression: tui.terminal.backend()
---
"╭Overview──────────────────────────────────────────────────────────────────────╮"
"│Name: Test User | Room: test-room | Server: wss://mocked | State: Playing |   │"
"╰──────────────────────────────────────────────────────────────────────────────╯"
"╭History───────────────────────╮                                                "
"│Round    Average     Duration │                                                "
"│                              │                                                "
"│                              │                                                "
"│                              │                                                "
"│                              │                                                "
"│                              │                                                "
"│                              │                                                "
"│                              │                                                "
"│                              │                                                "
"│                              │                                                "
"│                              │                                                "
"│                              │                                                "
"│                              │                                                "
"│                              │                                                "
"│                              │                                                "
"│                              │                                                "
"╰──────────────────────────────╯                                                "
"                                                                                "
" Vote | ↑ | ↓ | Quit                                                            "
"                                                                                "
