---
source: src/tui.rs
expression: tui.terminal.backend()
---
"┌Tui Target Selector─────────────────┐┌Tui Log [log=0.0/s]─────────────────────┐"
"│EWI  :ppoker::web::ws               ││                                        │"
"│EWI  :tungstenite::client           ││                                        │"
"│EWI  :tungstenite::handshake::client││                                        │"
"│                                    ││                                        │"
"│                                    ││                                        │"
"│                                    ││                                        │"
"│                                    ││                                        │"
"│                                    ││                                        │"
"│                                    ││                                        │"
"│                                    ││                                        │"
"│                                    ││                                        │"
"│                                    ││                                        │"
"│                                    ││                                        │"
"│                                    ││                                        │"
"│                                    ││                                        │"
"│                                    ││                                        │"
"└────────────────────────────────────┘└────────────────────────────────────────┘"
"╭Help──────────────────────────────────────────────────────────────────────────╮"
"│h - Toggle target selector | f - Toggle focus | UP/DOWN - Navigate |          │"
"│LEFT/RIGHT - Reduce/increase level | PAGEUP/PAGEDOWN - Enter Page mode, scroll│"
"│up/down | ESCAPE - Exit page mode | SPACE - Toggle hiding disabled targets | l│"
"│- Leave log view | q - Quit application                                       │"
"╰──────────────────────────────────────────────────────────────────────────────╯"
