---
source: src/ui/history.rs
expression: terminal.backend()
---
"╭Overview────────────────────────────────────────────────────────────────────────────────╮"
"│Name: Test User | Room: Planning Room | Server: wss://mocked | State: Playing | Round: 4│"
"╰────────────────────────────────────────────────────────────────────────────────────────╯"
"╭History───────────────────────────╮╭Your vote───────╮╭Vote distributio╮╭Average vote────╮"
"│  Round    Average     Duration   ││                ││         ██ ██  ││██████          │"
"│                                  ││                ││         ██ ██  ││██              │"
"│> 1        5.3         0 seconds  ││                ││         ██ ██  ││█████           │"
"│  2        10.5        0 seconds  ││    ██████      ││         ██ ██  ││    ██          │"
"│  3        4.0         0 seconds  ││                ││         ██ ██  ││    ██          │"
"│                                  ││                ││         ██ ██  ││██  ██    ██    │"
"│                                  ││                ││         3█ 5█  ││ ████     ██    │"
"│                                  │╰────────────────╯╰────────────────╯╰────────────────╯"
"│                                  │╭Players─────────────────────────────────────────────╮"
"│                                  ││Name       Vote                                     │"
"│                                  ││                                                    │"
"│                                  ││Alice      5                                        │"
"│                                  ││Bob        3                                        │"
"│                                  ││Charlie    8                                        │"
"│                                  ││                                                    │"
"│                                  ││                                                    │"
"│                                  ││                                                    │"
"│                                  ││                                                    │"
"│                                  ││                                                    │"
"│                                  ││                                                    │"
"│                                  ││                                                    │"
"│                                  ││                                                    │"
"╰──────────────────────────────────╯╰────────────────────────────────────────────────────╯"
"                                                                                          "
" Vote | ↑ | ↓ | Quit                                                                      "
"                                                                                          "
