---
source: src/ui/voting.rs
expression: terminal.backend()
---
"╭Overview──────────────────────────────────────────────────────────────────────╮"
"│Name: Test User | Room: test-room | Server: wss://mocked | State: Playing |   │"
"╰──────────────────────────────────────────────────────────────────────────────╯"
"╭Players───────╮╭Your vote───────────────╮                                      "
"│Name     Vote ││                        │                                      "
"│              ││                        │                                      "
"│Test U   -    ││                        │                                      "
"│              ││        ██████          │                                      "
"│              ││                        │                                      "
"│              ││                        │                                      "
"│              ││                        │                                      "
"│              │╰────────────────────────╯                                      "
"│              │╭Log───────────────────────────────────────────────────────────╮"
"│              ││                                                              │"
"│              ││                                                              │"
"│              ││                                                              │"
"╰──────────────╯╰──────────────────────────────────────────────────────────────╯"
"                                                                                "
" Vote | Reveal | History | Name change | Chat | Quit                            "
"                                                                                "
