---
source: src/ui/voting.rs
expression: terminal.backend()
---
"╭Overview──────────────────────────────────────────────────────────────────────╮"
"│Name: Test User | Room: Planning Room | Server: wss://mocked | State: Playing │"
"╰──────────────────────────────────────────────────────────────────────────────╯"
"╭Players───────╮╭Your vote───────────────╮                                      "
"│Name   Vote   ││                        │                                      "
"│              ││                        │                                      "
"│test   -      ││                        │                                      "
"│              ││        ██████          │                                      "
"│              ││                        │                                      "
"│              ││                        │                                      "
"│              ││                        │                                      "
"│              │╰────────────────────────╯                                      "
"│              │╭Log───────────────────────────────────────────────────────────╮"
"│              ││[Client]: Your vote is the last one missing.                  │"
"│              ││[Server]: test joined the room                                │"
"╰──────────────╯│[Server]: viewer joined as spectator                          │"
"╭Spectators────╮│                                                              │"
"│Name          ││                                                              │"
"│              ││                                                              │"
"│viewer        ││                                                              │"
"│              ││                                                              │"
"╰──────────────╯╰──────────────────────────────────────────────────────────────╯"
"                                                                                "
" Vote | Reveal | History | Name change | Chat | Quit                            "
"                                                                                "
