---
source: src/ui/changelog.rs
expression: terminal.backend()
---
"                                                                                "
"[1.0.0]                                                                         "
"                                                                                "
"Major Features                                                                  "
"* Feature A                                                                     "
"* Feature B                                                                     "
"* Feature C                                                                     "
"                                                                                "
"Bug Fixes                                                                       "
"* Fix A                                                                         "
"* Fix B                                                                         "
"* Fix C                                                                         "
"────────────────────────────────────────────────────────────────────────────────"
"                                                                                "
"                                                                                "
"                                                                                "
"                                                                                "
"                                                                                "
"                                                                                "
"                                                                                "
"                                                                                "
"                                                                                "
"                                                                                "
"                                                                                "
"                                                                                "
"                                                                                "
"                                                                                "
"                                                                                "
" Vote | ↑ | ↓ | Toggle filter | Quit                                            "
"                                                                                "
