---
source: src/ui/voting.rs
expression: terminal.backend()
---
"╭Overview──────────────────────────────────────────────────────────────────────╮"
"│Name: Test User | Room: Planning Room | Server: wss://mocked | State: Waiting │"
"╰──────────────────────────────────────────────────────────────────────────────╯"
"╭Players───────╮╭Your vote──────────╮╭Vote distribution───╮╭Average vote───────╮"
"│Name   Vote   ││     ██████        ││            ██      ││██████           ██│"
"│              ││     ██            ││            ██      ││██              ██ │"
"│test   5      ││     █████         ││            ██      ││█████           ██ │"
"│              ││         ██        ││            ██      ││    ██          ██ │"
"│              ││         ██        ││            ██      ││    ██          ███│"
"│              ││     ██  ██        ││            ██      ││██  ██    ██    ███│"
"│              ││      ████         ││            5█      ││ ████     ██     ██│"
"│              │╰───────────────────╯╰────────────────────╯╰───────────────────╯"
"│              │╭Log───────────────────────────────────────────────────────────╮"
"│              ││[Server]: test joined the room                                │"
"│              ││[Server]: test played a card                                  │"
"│              ││[Server]: test revealed all cards                             │"
"╰──────────────╯╰──────────────────────────────────────────────────────────────╯"
"                                                                                "
" Restart | History | Name change | Chat | Quit                                  "
"                                                                                "
