---
source: src/ui/voting.rs
expression: terminal.backend()
---
"╭Overview──────────────────────────────────────────────────────────────────────╮"
"│Name: Test User | Room: Planning Room | Server: wss://mocked | State: Playing │"
"╰──────────────────────────────────────────────────────────────────────────────╯"
"╭Players───────╮╭Your vote───────────────╮                                      "
"│Name   Vote   ││                        │                                      "
"│              ││                        │                                      "
"│test   -      ││                        │                                      "
"│              ││        ██████          │                                      "
"│              ││                        │                                      "
"│              ││                        │                                      "
"│              ││                        │                                      "
"│              │╰────────────────────────╯                                      "
"│              │╭Log───────────────────────────────────────────────────────────╮"
"│              ││[Server]: test joined the room                                │"
"│              ││                                                              │"
"│              ││                                                              │"
"╰──────────────╯╰──────────────────────────────────────────────────────────────╯"
"╭Chat──────────────────────────────────────────────────────────────────────────╮"
"│Hello!                                                                        │"
"╰──────────────────────────────────────────────────────────────────────────────╯"
