---
source: src/ui/voting.rs
expression: terminal.backend()
---
"╭Overview──────────────────────────────────────────────────────────────────────╮"
"│Name: Test User | Room: Planning Room | Server: wss://mocked | State: Playing │"
"╰──────────────────────────────────────────────────────────────────────────────╯"
"╭Players───────╮╭Your vote───────────────╮                                      "
"│Name   Vote   ││         ████           │                                      "
"│              ││        ██  ██          │                                      "
"│test   3      ││            ██          │                                      "
"│              ││          ███           │                                      "
"│              ││            ██          │                                      "
"│              ││        ██  ██          │                                      "
"│              ││         ████           │                                      "
"│              │╰────────────────────────╯                                      "
"│              │╭Log───────────────────────────────────────────────────────────╮"
"│              ││[Client]: Your vote is the last one missing.                  │"
"│              ││[Server]: test joined the room                                │"
"╰──────────────╯│[Server]: viewer joined as spectator                          │"
"╭Spectators────╮│[Server]: test played a card                                  │"
"│Name          ││                                                              │"
"│              ││                                                              │"
"│viewer        ││                                                              │"
"│              ││                                                              │"
"╰──────────────╯╰──────────────────────────────────────────────────────────────╯"
"╭─────────────────────────────────Confirmation─────────────────────────────────╮"
"│              Automatically revealing cards in 3 seconds. Yes/No              │"
"╰──────────────────────────────────────────────────────────────────────────────╯"
